<?xml version="1.0" encoding="utf-8"?><testsuites><testsuite name="pytest" errors="0" failures="0" skipped="0" tests="31" time="14.524" timestamp="2024-10-01T19:01:26.857758+02:00" hostname="Rashid-Unito"><testcase classname="lime.tests.test_discretize.TestDiscretize" name="test_feature_names_1" file="lime\tests\test_discretize.py" line="75" time="0.005" /><testcase classname="lime.tests.test_discretize.TestDiscretize" name="test_feature_names_2" file="lime\tests\test_discretize.py" line="98" time="0.003" /><testcase classname="lime.tests.test_discretize.TestDiscretize" name="test_feature_names_3" file="lime\tests\test_discretize.py" line="143" time="0.004" /><testcase classname="lime.tests.test_discretize.TestDiscretize" name="test_random_state" file="lime\tests\test_discretize.py" line="68" time="0.048" /><testcase classname="lime.tests.test_generic_utils.TestGenericUtils" name="test_has_arg" file="lime\tests\test_generic_utils.py" line="7" time="0.001" /><testcase classname="lime.tests.test_lime_tabular.TestLimeTabular" name="testFeatureNamesAndCategoricalFeats" file="lime\tests\test_lime_tabular.py" line="541" time="0.004" /><testcase classname="lime.tests.test_lime_tabular.TestLimeTabular" name="testFeatureValues" file="lime\tests\test_lime_tabular.py" line="561" time="0.002" /><testcase classname="lime.tests.test_lime_tabular.TestLimeTabular" name="test_lime_explainer_entropy_discretizer" file="lime\tests\test_lime_tabular.py" line="127" time="0.428" /><testcase classname="lime.tests.test_lime_tabular.TestLimeTabular" name="test_lime_explainer_good_regressor" file="lime\tests\test_lime_tabular.py" line="37" time="0.423" /><testcase classname="lime.tests.test_lime_tabular.TestLimeTabular" name="test_lime_explainer_good_regressor_synthetic_data" file="lime\tests\test_lime_tabular.py" line="63" time="1.324" /><testcase classname="lime.tests.test_lime_tabular.TestLimeTabular" name="test_lime_explainer_no_regressor" file="lime\tests\test_lime_tabular.py" line="103" time="0.426" /><testcase classname="lime.tests.test_lime_tabular.TestLimeTabular" name="test_lime_explainer_sparse_synthetic_data" file="lime\tests\test_lime_tabular.py" line="83" time="0.475" /><testcase classname="lime.tests.test_lime_tabular.TestLimeTabular" name="test_lime_explainer_with_data_stats" file="lime\tests\test_lime_tabular.py" line="582" time="0.431" /><testcase classname="lime.tests.test_lime_tabular.TestLimeTabular" name="test_lime_tabular_explainer_equal_random_state" file="lime\tests\test_lime_tabular.py" line="154" time="1.455" /><testcase classname="lime.tests.test_lime_tabular.TestLimeTabular" name="test_lime_tabular_explainer_not_equal_random_state" file="lime\tests\test_lime_tabular.py" line="241" time="2.262" /><testcase classname="lime.tests.test_lime_text.TestLimeText" name="test_indexed_characters_bow" file="lime\tests\test_lime_text.py" line="94" time="0.001" /><testcase classname="lime.tests.test_lime_text.TestLimeText" name="test_indexed_characters_not_bow" file="lime\tests\test_lime_text.py" line="107" time="0.001" /><testcase classname="lime.tests.test_lime_text.TestLimeText" name="test_indexed_string_callable" file="lime\tests\test_lime_text.py" line="131" time="0.001" /><testcase classname="lime.tests.test_lime_text.TestLimeText" name="test_indexed_string_inverse_removing_regex" file="lime\tests\test_lime_text.py" line="158" time="0.001" /><testcase classname="lime.tests.test_lime_text.TestLimeText" name="test_indexed_string_inverse_removing_tokenizer" file="lime\tests\test_lime_text.py" line="148" time="0.001" /><testcase classname="lime.tests.test_lime_text.TestLimeText" name="test_indexed_string_regex" file="lime\tests\test_lime_text.py" line="117" time="0.000" /><testcase classname="lime.tests.test_lime_text.TestLimeText" name="test_lime_text_explainer_good_regressor" file="lime\tests\test_lime_text.py" line="18" time="1.466" /><testcase classname="lime.tests.test_lime_text.TestLimeText" name="test_lime_text_tabular_equal_random_state" file="lime\tests\test_lime_text.py" line="40" time="2.179" /><testcase classname="lime.tests.test_lime_text.TestLimeText" name="test_lime_text_tabular_not_equal_random_state" file="lime\tests\test_lime_text.py" line="66" time="2.168" /><testcase classname="lime.tests.test_scikit_image.TestBaseWrapper" name="test__check_params" file="lime\tests\test_scikit_image.py" line="24" time="0.001" /><testcase classname="lime.tests.test_scikit_image.TestBaseWrapper" name="test_base_wrapper" file="lime\tests\test_scikit_image.py" line="11" time="0.001" /><testcase classname="lime.tests.test_scikit_image.TestBaseWrapper" name="test_filter_params" file="lime\tests\test_scikit_image.py" line="88" time="0.001" /><testcase classname="lime.tests.test_scikit_image.TestBaseWrapper" name="test_set_params" file="lime\tests\test_scikit_image.py" line="64" time="0.001" /><testcase classname="lime.tests.test_scikit_image.TestSegmentationAlgorithm" name="test_instanciate_felzenszwalb" file="lime\tests\test_scikit_image.py" line="122" time="0.000" /><testcase classname="lime.tests.test_scikit_image.TestSegmentationAlgorithm" name="test_instanciate_segmentation_algorithm" file="lime\tests\test_scikit_image.py" line="106" time="0.310" /><testcase classname="lime.tests.test_scikit_image.TestSegmentationAlgorithm" name="test_instanciate_slic" file="lime\tests\test_scikit_image.py" line="119" time="0.001" /></testsuite></testsuites>